2026-08-11 00:04:20,442 [daml.index.db.threadpool.connection.indexer-7] INFO  c.d.c.p.i.MeteringAggregator:participant=sandbox - Aggregating transaction metering for LedgerMeteringEnd(Offset(Bytes(000000000000000013)),2026-08-10T16:00:00Z)
2026-08-11 00:04:20,456 [daml.index.db.threadpool.connection.indexer-7] INFO  c.d.c.p.i.MeteringAggregator:participant=sandbox - Aggregating transaction metering completed up to LedgerMeteringEnd(Offset(Bytes(000000000000000013)),2026-08-10T16:00:00Z)
2026-08-11 00:29:40,663 [canton-env-ec-99] INFO  c.d.c.d.s.a.MemberAuthenticationServiceOld:domain=local - DOM::local::12209834d168... authenticated new token with expiry 2026-08-10T17:29:40.663298Z
2026-08-11 00:29:40,880 [canton-env-ec-111] INFO  c.d.c.d.s.a.MemberAuthenticationServiceOld:domain=local - MED::local::12209834d168... authenticated new token with expiry 2026-08-10T17:29:40.879877Z
2026-08-11 00:29:43,054 [canton-env-ec-111] INFO  c.d.c.d.s.a.MemberAuthenticationServiceOld:domain=local - PAR::sandbox::12206722ea2b... authenticated new token with expiry 2026-08-10T17:29:43.054678Z
2026-08-11 00:30:00,641 [canton-env-ec-98] INFO  c.d.c.s.c.t.GrpcSequencerSubscription:domain=local/client=topology-manager - The sequencer subscription has been terminated by the server.
2026-08-11 00:30:00,642 [canton-env-ec-111] INFO  c.d.c.s.c.t.GrpcSubscriptionErrorRetryPolicy:domain=local/client=topology-manager - Trying to reconnect to give the sequencer the opportunity to become available again (after Connection terminated by the server.)
2026-08-11 00:30:00,701 [canton-env-ec-110] INFO  c.d.c.d.s.s.GrpcSequencerService:domain=local - DOM::local::12209834d168... subscribes from counter=36
2026-08-11 00:30:00,869 [canton-env-ec-102] INFO  c.d.c.s.c.t.GrpcSequencerSubscription:domain=local/client=mediator - The sequencer subscription has been terminated by the server.
2026-08-11 00:30:00,870 [canton-env-ec-111] INFO  c.d.c.s.c.t.GrpcSubscriptionErrorRetryPolicy:domain=local/client=mediator - Trying to reconnect to give the sequencer the opportunity to become available again (after Connection terminated by the server.)
2026-08-11 00:30:00,935 [canton-env-ec-82] INFO  c.d.c.d.s.s.GrpcSequencerService:domain=local - MED::local::12209834d168... subscribes from counter=35
2026-08-11 00:30:03,032 [canton-env-ec-31] INFO  c.d.c.s.c.t.GrpcSequencerSubscription:participant=sandbox/domainId=local::12209834d168 - The sequencer subscription has been terminated by the server.
2026-08-11 00:30:03,033 [canton-env-ec-110] INFO  c.d.c.s.c.t.GrpcSubscriptionErrorRetryPolicy:participant=sandbox/domainId=local::12209834d168 - Trying to reconnect to give the sequencer the opportunity to become available again (after Connection terminated by the server.)
2026-08-11 00:30:03,098 [canton-env-ec-31] INFO  c.d.c.d.s.s.GrpcSequencerService:domain=local - PAR::sandbox::12206722ea2b... subscribes from counter=55
2026-08-11 01:04:20,443 [daml.index.db.threadpool.connection.indexer-0] INFO  c.d.c.p.i.MeteringAggregator:participant=sandbox - Aggregating transaction metering for LedgerMeteringEnd(Offset(Bytes(000000000000000013)),2026-08-10T17:00:00Z)
2026-08-11 01:04:20,445 [daml.index.db.threadpool.connection.indexer-0] INFO  c.d.c.p.i.MeteringAggregator:participant=sandbox - Aggregating transaction metering completed up to LedgerMeteringEnd(Offset(Bytes(000000000000000013)),2026-08-10T17:00:00Z)
2026-08-11 01:29:20,694 [canton-env-ec-82] INFO  c.d.c.d.s.a.MemberAuthenticationServiceOld:domain=local - DOM::local::12209834d168... authenticated new token with expiry 2026-08-10T18:29:20.694664Z
2026-08-11 01:29:20,909 [canton-env-ec-83] INFO  c.d.c.d.s.a.MemberAuthenticationServiceOld:domain=local - MED::local::12209834d168... authenticated new token with expiry 2026-08-10T18:29:20.909588Z
2026-08-11 01:29:23,073 [canton-env-ec-98] INFO  c.d.c.d.s.a.MemberAuthenticationServiceOld:domain=local - PAR::sandbox::12206722ea2b... authenticated new token with expiry 2026-08-10T18:29:23.073266Z
2026-08-11 01:29:40,672 [canton-env-ec-37] INFO  c.d.c.s.c.t.GrpcSequencerSubscription:domain=local/client=topology-manager - The sequencer subscription has been terminated by the server.
2026-08-11 01:29:40,672 [canton-env-ec-90] INFO  c.d.c.s.c.t.GrpcSubscriptionErrorRetryPolicy:domain=local/client=topology-manager - Trying to reconnect to give the sequencer the opportunity to become available again (after Connection terminated by the server.)
2026-08-11 01:29:40,734 [canton-env-ec-37] INFO  c.d.c.d.s.s.GrpcSequencerService:domain=local - DOM::local::12209834d168... subscribes from counter=36
2026-08-11 01:29:40,893 [canton-env-ec-26] INFO  c.d.c.s.c.t.GrpcSequencerSubscription:domain=local/client=mediator - The sequencer subscription has been terminated by the server.
2026-08-11 01:29:40,894 [canton-env-ec-99] INFO  c.d.c.s.c.t.GrpcSubscriptionErrorRetryPolicy:domain=local/client=mediator - Trying to reconnect to give the sequencer the opportunity to become available again (after Connection terminated by the server.)
2026-08-11 01:29:40,953 [canton-env-ec-102] INFO  c.d.c.d.s.s.GrpcSequencerService:domain=local - MED::local::12209834d168... subscribes from counter=35
2026-08-11 01:29:43,059 [canton-env-ec-99] INFO  c.d.c.s.c.t.GrpcSequencerSubscription:participant=sandbox/domainId=local::12209834d168 - The sequencer subscription has been terminated by the server.
2026-08-11 01:29:43,059 [canton-env-ec-102] INFO  c.d.c.s.c.t.GrpcSubscriptionErrorRetryPolicy:participant=sandbox/domainId=local::12209834d168 - Trying to reconnect to give the sequencer the opportunity to become available again (after Connection terminated by the server.)
2026-08-11 01:29:43,119 [canton-env-ec-26] INFO  c.d.c.d.s.s.GrpcSequencerService:domain=local - PAR::sandbox::12206722ea2b... subscribes from counter=55
2026-08-11 02:04:20,436 [daml.index.db.threadpool.connection.indexer-10] INFO  c.d.c.p.i.MeteringAggregator:participant=sandbox - Aggregating transaction metering for LedgerMeteringEnd(Offset(Bytes(000000000000000013)),2026-08-10T18:00:00Z)
2026-08-11 02:04:20,438 [daml.index.db.threadpool.connection.indexer-10] INFO  c.d.c.p.i.MeteringAggregator:participant=sandbox - Aggregating transaction metering completed up to LedgerMeteringEnd(Offset(Bytes(000000000000000013)),2026-08-10T18:00:00Z)
2026-08-11 02:29:00,719 [canton-env-ec-99] INFO  c.d.c.d.s.a.MemberAuthenticationServiceOld:domain=local - DOM::local::12209834d168... authenticated new token with expiry 2026-08-10T19:29:00.718834Z
2026-08-11 02:29:00,940 [canton-env-ec-26] INFO  c.d.c.d.s.a.MemberAuthenticationServiceOld:domain=local - MED::local::12209834d168... authenticated new token with expiry 2026-08-10T19:29:00.939572Z
2026-08-11 02:29:03,102 [canton-env-ec-36] INFO  c.d.c.d.s.a.MemberAuthenticationServiceOld:domain=local - PAR::sandbox::12206722ea2b... authenticated new token with expiry 2026-08-10T19:29:03.102278Z
2026-08-11 02:29:20,707 [canton-env-ec-37] INFO  c.d.c.s.c.t.GrpcSequencerSubscription:domain=local/client=topology-manager - The sequencer subscription has been terminated by the server.
2026-08-11 02:29:20,708 [canton-env-ec-98] INFO  c.d.c.s.c.t.GrpcSubscriptionErrorRetryPolicy:domain=local/client=topology-manager - Trying to reconnect to give the sequencer the opportunity to become available again (after Connection terminated by the server.)
2026-08-11 02:29:20,772 [canton-env-ec-37] INFO  c.d.c.d.s.s.GrpcSequencerService:domain=local - DOM::local::12209834d168... subscribes from counter=36
2026-08-11 02:29:20,921 [canton-env-ec-37] INFO  c.d.c.s.c.t.GrpcSequencerSubscription:domain=local/client=mediator - The sequencer subscription has been terminated by the server.
2026-08-11 02:29:20,922 [canton-env-ec-26] INFO  c.d.c.s.c.t.GrpcSubscriptionErrorRetryPolicy:domain=local/client=mediator - Trying to reconnect to give the sequencer the opportunity to become available again (after Connection terminated by the server.)
2026-08-11 02:29:20,984 [canton-env-ec-99] INFO  c.d.c.d.s.s.GrpcSequencerService:domain=local - MED::local::12209834d168... subscribes from counter=35
2026-08-11 02:29:23,082 [canton-env-ec-111] INFO  c.d.c.s.c.t.GrpcSequencerSubscription:participant=sandbox/domainId=local::12209834d168 - The sequencer subscription has been terminated by the server.
2026-08-11 02:29:23,082 [canton-env-ec-26] INFO  c.d.c.s.c.t.GrpcSubscriptionErrorRetryPolicy:participant=sandbox/domainId=local::12209834d168 - Trying to reconnect to give the sequencer the opportunity to become available again (after Connection terminated by the server.)
2026-08-11 02:29:23,147 [canton-env-ec-86] INFO  c.d.c.d.s.s.GrpcSequencerService:domain=local - PAR::sandbox::12206722ea2b... subscribes from counter=55
2026-08-11 03:04:20,445 [daml.index.db.threadpool.connection.indexer-3] INFO  c.d.c.p.i.MeteringAggregator:participant=sandbox - Aggregating transaction metering for LedgerMeteringEnd(Offset(Bytes(000000000000000013)),2026-08-10T19:00:00Z)
2026-08-11 03:04:20,446 [daml.index.db.threadpool.connection.indexer-3] INFO  c.d.c.p.i.MeteringAggregator:participant=sandbox - Aggregating transaction metering completed up to LedgerMeteringEnd(Offset(Bytes(000000000000000013)),2026-08-10T19:00:00Z)
2026-08-11 03:28:40,745 [canton-env-ec-86] INFO  c.d.c.d.s.a.MemberAuthenticationServiceOld:domain=local - DOM::local::12209834d168... authenticated new token with expiry 2026-08-10T20:28:40.745161Z
2026-08-11 03:28:40,967 [canton-env-ec-102] INFO  c.d.c.d.s.a.MemberAuthenticationServiceOld:domain=local - MED::local::12209834d168... authenticated new token with expiry 2026-08-10T20:28:40.967534Z
2026-08-11 03:28:43,120 [canton-env-ec-111] INFO  c.d.c.d.s.a.MemberAuthenticationServiceOld:domain=local - PAR::sandbox::12206722ea2b... authenticated new token with expiry 2026-08-10T20:28:43.120740Z
2026-08-11 03:29:00,723 [canton-env-ec-37] INFO  c.d.c.s.c.t.GrpcSequencerSubscription:domain=local/client=topology-manager - The sequencer subscription has been terminated by the server.
2026-08-11 03:29:00,724 [canton-env-ec-111] INFO  c.d.c.s.c.t.GrpcSubscriptionErrorRetryPolicy:domain=local/client=topology-manager - Trying to reconnect to give the sequencer the opportunity to become available again (after Connection terminated by the server.)
2026-08-11 03:29:00,780 [canton-env-ec-82] INFO  c.d.c.d.s.s.GrpcSequencerService:domain=local - DOM::local::12209834d168... subscribes from counter=36
2026-08-11 03:29:00,944 [canton-env-ec-36] INFO  c.d.c.s.c.t.GrpcSequencerSubscription:domain=local/client=mediator - The sequencer subscription has been terminated by the server.
2026-08-11 03:29:00,945 [canton-env-ec-86] INFO  c.d.c.s.c.t.GrpcSubscriptionErrorRetryPolicy:domain=local/client=mediator - Trying to reconnect to give the sequencer the opportunity to become available again (after Connection terminated by the server.)
2026-08-11 03:29:01,007 [canton-env-ec-102] INFO  c.d.c.d.s.s.GrpcSequencerService:domain=local - MED::local::12209834d168... subscribes from counter=35
2026-08-11 03:29:03,109 [canton-env-ec-31] INFO  c.d.c.s.c.t.GrpcSequencerSubscription:participant=sandbox/domainId=local::12209834d168 - The sequencer subscription has been terminated by the server.
2026-08-11 03:29:03,110 [canton-env-ec-26] INFO  c.d.c.s.c.t.GrpcSubscriptionErrorRetryPolicy:participant=sandbox/domainId=local::12209834d168 - Trying to reconnect to give the sequencer the opportunity to become available again (after Connection terminated by the server.)
2026-08-11 03:29:03,175 [canton-env-ec-37] INFO  c.d.c.d.s.s.GrpcSequencerService:domain=local - PAR::sandbox::12206722ea2b... subscribes from counter=55
2026-08-11 04:04:20,444 [daml.index.db.threadpool.connection.indexer-13] INFO  c.d.c.p.i.MeteringAggregator:participant=sandbox - Aggregating transaction metering for LedgerMeteringEnd(Offset(Bytes(000000000000000013)),2026-08-10T20:00:00Z)
2026-08-11 04:04:20,446 [daml.index.db.threadpool.connection.indexer-13] INFO  c.d.c.p.i.MeteringAggregator:participant=sandbox - Aggregating transaction metering completed up to LedgerMeteringEnd(Offset(Bytes(000000000000000013)),2026-08-10T20:00:00Z)
2026-08-11 04:28:20,765 [canton-env-ec-31] INFO  c.d.c.d.s.a.MemberAuthenticationServiceOld:domain=local - DOM::local::12209834d168... authenticated new token with expiry 2026-08-10T21:28:20.765244Z
2026-08-11 04:28:20,986 [canton-env-ec-89] INFO  c.d.c.d.s.a.MemberAuthenticationServiceOld:domain=local - MED::local::12209834d168... authenticated new token with expiry 2026-08-10T21:28:20.986615Z
2026-08-11 04:28:23,140 [canton-env-ec-99] INFO  c.d.c.d.s.a.MemberAuthenticationServiceOld:domain=local - PAR::sandbox::12206722ea2b... authenticated new token with expiry 2026-08-10T21:28:23.140843Z
2026-08-11 04:28:40,758 [canton-env-ec-86] INFO  c.d.c.s.c.t.GrpcSequencerSubscription:domain=local/client=topology-manager - The sequencer subscription has been terminated by the server.
2026-08-11 04:28:40,758 [canton-env-ec-98] INFO  c.d.c.s.c.t.GrpcSubscriptionErrorRetryPolicy:domain=local/client=topology-manager - Trying to reconnect to give the sequencer the opportunity to become available again (after Connection terminated by the server.)
2026-08-11 04:28:40,816 [canton-env-ec-36] INFO  c.d.c.d.s.s.GrpcSequencerService:domain=local - DOM::local::12209834d168... subscribes from counter=36
2026-08-11 04:28:40,974 [canton-env-ec-31] INFO  c.d.c.s.c.t.GrpcSequencerSubscription:domain=local/client=mediator - The sequencer subscription has been terminated by the server.
2026-08-11 04:28:40,974 [canton-env-ec-37] INFO  c.d.c.s.c.t.GrpcSubscriptionErrorRetryPolicy:domain=local/client=mediator - Trying to reconnect to give the sequencer the opportunity to become available again (after Connection terminated by the server.)
2026-08-11 04:28:41,036 [canton-env-ec-37] INFO  c.d.c.d.s.s.GrpcSequencerService:domain=local - MED::local::12209834d168... subscribes from counter=35
2026-08-11 04:28:43,133 [canton-env-ec-26] INFO  c.d.c.s.c.t.GrpcSequencerSubscription:participant=sandbox/domainId=local::12209834d168 - The sequencer subscription has been terminated by the server.
2026-08-11 04:28:43,133 [canton-env-ec-37] INFO  c.d.c.s.c.t.GrpcSubscriptionErrorRetryPolicy:participant=sandbox/domainId=local::12209834d168 - Trying to reconnect to give the sequencer the opportunity to become available again (after Connection terminated by the server.)
2026-08-11 04:28:43,197 [canton-env-ec-31] INFO  c.d.c.d.s.s.GrpcSequencerService:domain=local - PAR::sandbox::12206722ea2b... subscribes from counter=55
2026-08-11 05:04:20,443 [daml.index.db.threadpool.connection.indexer-6] INFO  c.d.c.p.i.MeteringAggregator:participant=sandbox - Aggregating transaction metering for LedgerMeteringEnd(Offset(Bytes(000000000000000013)),2026-08-10T21:00:00Z)
2026-08-11 05:04:20,444 [daml.index.db.threadpool.connection.indexer-6] INFO  c.d.c.p.i.MeteringAggregator:participant=sandbox - Aggregating transaction metering completed up to LedgerMeteringEnd(Offset(Bytes(000000000000000013)),2026-08-10T21:00:00Z)
2026-08-11 05:28:00,794 [canton-env-ec-26] INFO  c.d.c.d.s.a.MemberAuthenticationServiceOld:domain=local - DOM::local::12209834d168... authenticated new token with expiry 2026-08-10T22:28:00.794473Z
2026-08-11 05:28:01,018 [canton-env-ec-26] INFO  c.d.c.d.s.a.MemberAuthenticationServiceOld:domain=local - MED::local::12209834d168... authenticated new token with expiry 2026-08-10T22:28:01.018677Z
2026-08-11 05:28:03,171 [canton-env-ec-83] INFO  c.d.c.d.s.a.MemberAuthenticationServiceOld:domain=local - PAR::sandbox::12206722ea2b... authenticated new token with expiry 2026-08-10T22:28:03.170806Z
2026-08-11 05:28:20,773 [canton-env-ec-89] INFO  c.d.c.s.c.t.GrpcSequencerSubscription:domain=local/client=topology-manager - The sequencer subscription has been terminated by the server.
2026-08-11 05:28:20,773 [canton-env-ec-83] INFO  c.d.c.s.c.t.GrpcSubscriptionErrorRetryPolicy:domain=local/client=topology-manager - Trying to reconnect to give the sequencer the opportunity to become available again (after Connection terminated by the server.)
2026-08-11 05:28:20,834 [canton-env-ec-110] INFO  c.d.c.d.s.s.GrpcSequencerService:domain=local - DOM::local::12209834d168... subscribes from counter=36
2026-08-11 05:28:20,996 [canton-env-ec-90] INFO  c.d.c.s.c.t.GrpcSequencerSubscription:domain=local/client=mediator - The sequencer subscription has been terminated by the server.
2026-08-11 05:28:20,996 [canton-env-ec-37] INFO  c.d.c.s.c.t.GrpcSubscriptionErrorRetryPolicy:domain=local/client=mediator - Trying to reconnect to give the sequencer the opportunity to become available again (after Connection terminated by the server.)
2026-08-11 05:28:21,056 [canton-env-ec-82] INFO  c.d.c.d.s.s.GrpcSequencerService:domain=local - MED::local::12209834d168... subscribes from counter=35
2026-08-11 05:28:23,153 [canton-env-ec-83] INFO  c.d.c.s.c.t.GrpcSequencerSubscription:participant=sandbox/domainId=local::12209834d168 - The sequencer subscription has been terminated by the server.
2026-08-11 05:28:23,154 [canton-env-ec-37] INFO  c.d.c.s.c.t.GrpcSubscriptionErrorRetryPolicy:participant=sandbox/domainId=local::12209834d168 - Trying to reconnect to give the sequencer the opportunity to become available again (after Connection terminated by the server.)
2026-08-11 05:28:23,219 [canton-env-ec-83] INFO  c.d.c.d.s.s.GrpcSequencerService:domain=local - PAR::sandbox::12206722ea2b... subscribes from counter=55
2026-08-11 06:04:20,444 [daml.index.db.threadpool.connection.indexer-16] INFO  c.d.c.p.i.MeteringAggregator:participant=sandbox - Aggregating transaction metering for LedgerMeteringEnd(Offset(Bytes(000000000000000013)),2026-08-10T22:00:00Z)
2026-08-11 06:04:20,445 [daml.index.db.threadpool.connection.indexer-16] INFO  c.d.c.p.i.MeteringAggregator:participant=sandbox - Aggregating transaction metering completed up to LedgerMeteringEnd(Offset(Bytes(000000000000000013)),2026-08-10T22:00:00Z)
2026-08-11 06:27:40,819 [canton-env-ec-82] INFO  c.d.c.d.s.a.MemberAuthenticationServiceOld:domain=local - DOM::local::12209834d168... authenticated new token with expiry 2026-08-10T23:27:40.818830Z
2026-08-11 06:27:41,041 [canton-env-ec-86] INFO  c.d.c.d.s.a.MemberAuthenticationServiceOld:domain=local - MED::local::12209834d168... authenticated new token with expiry 2026-08-10T23:27:41.041196Z
2026-08-11 06:27:43,197 [canton-env-ec-86] INFO  c.d.c.d.s.a.MemberAuthenticationServiceOld:domain=local - PAR::sandbox::12206722ea2b... authenticated new token with expiry 2026-08-10T23:27:43.197147Z
2026-08-11 06:28:00,807 [canton-env-ec-82] INFO  c.d.c.s.c.t.GrpcSequencerSubscription:domain=local/client=topology-manager - The sequencer subscription has been terminated by the server.
2026-08-11 06:28:00,808 [canton-env-ec-98] INFO  c.d.c.s.c.t.GrpcSubscriptionErrorRetryPolicy:domain=local/client=topology-manager - Trying to reconnect to give the sequencer the opportunity to become available again (after Connection terminated by the server.)
2026-08-11 06:28:00,874 [canton-env-ec-82] INFO  c.d.c.d.s.s.GrpcSequencerService:domain=local - DOM::local::12209834d168... subscribes from counter=36
2026-08-11 06:28:01,031 [canton-env-ec-99] INFO  c.d.c.s.c.t.GrpcSequencerSubscription:domain=local/client=mediator - The sequencer subscription has been terminated by the server.
2026-08-11 06:28:01,032 [canton-env-ec-83] INFO  c.d.c.s.c.t.GrpcSubscriptionErrorRetryPolicy:domain=local/client=mediator - Trying to reconnect to give the sequencer the opportunity to become available again (after Connection terminated by the server.)
2026-08-11 06:28:01,093 [canton-env-ec-83] INFO  c.d.c.d.s.s.GrpcSequencerService:domain=local - MED::local::12209834d168... subscribes from counter=35
2026-08-11 06:28:03,182 [canton-env-ec-32] INFO  c.d.c.s.c.t.GrpcSequencerSubscription:participant=sandbox/domainId=local::12209834d168 - The sequencer subscription has been terminated by the server.
2026-08-11 06:28:03,182 [canton-env-ec-89] INFO  c.d.c.s.c.t.GrpcSubscriptionErrorRetryPolicy:participant=sandbox/domainId=local::12209834d168 - Trying to reconnect to give the sequencer the opportunity to become available again (after Connection terminated by the server.)
2026-08-11 06:28:03,243 [canton-env-ec-32] INFO  c.d.c.d.s.s.GrpcSequencerService:domain=local - PAR::sandbox::12206722ea2b... subscribes from counter=55
2026-08-11 07:04:20,439 [daml.index.db.threadpool.connection.indexer-9] INFO  c.d.c.p.i.MeteringAggregator:participant=sandbox - Aggregating transaction metering for LedgerMeteringEnd(Offset(Bytes(000000000000000013)),2026-08-10T23:00:00Z)
2026-08-11 07:04:20,442 [daml.index.db.threadpool.connection.indexer-9] INFO  c.d.c.p.i.MeteringAggregator:participant=sandbox - Aggregating transaction metering completed up to LedgerMeteringEnd(Offset(Bytes(000000000000000013)),2026-08-10T23:00:00Z)
2026-08-11 07:27:20,839 [canton-env-ec-86] INFO  c.d.c.d.s.a.MemberAuthenticationServiceOld:domain=local - DOM::local::12209834d168... authenticated new token with expiry 2026-08-11T00:27:20.838980Z
2026-08-11 07:27:21,061 [canton-env-ec-110] INFO  c.d.c.d.s.a.MemberAuthenticationServiceOld:domain=local - MED::local::12209834d168... authenticated new token with expiry 2026-08-11T00:27:21.060870Z
2026-08-11 07:27:23,222 [canton-env-ec-110] INFO  c.d.c.d.s.a.MemberAuthenticationServiceOld:domain=local - PAR::sandbox::12206722ea2b... authenticated new token with expiry 2026-08-11T00:27:23.222109Z
2026-08-11 07:27:40,824 [canton-env-ec-99] INFO  c.d.c.s.c.t.GrpcSequencerSubscription:domain=local/client=topology-manager - The sequencer subscription has been terminated by the server.
2026-08-11 07:27:40,825 [canton-env-ec-89] INFO  c.d.c.s.c.t.GrpcSubscriptionErrorRetryPolicy:domain=local/client=topology-manager - Trying to reconnect to give the sequencer the opportunity to become available again (after Connection terminated by the server.)
2026-08-11 07:27:40,888 [canton-env-ec-102] INFO  c.d.c.d.s.s.GrpcSequencerService:domain=local - DOM::local::12209834d168... subscribes from counter=36
2026-08-11 07:27:41,054 [canton-env-ec-26] INFO  c.d.c.s.c.t.GrpcSequencerSubscription:domain=local/client=mediator - The sequencer subscription has been terminated by the server.
2026-08-11 07:27:41,054 [canton-env-ec-37] INFO  c.d.c.s.c.t.GrpcSubscriptionErrorRetryPolicy:domain=local/client=mediator - Trying to reconnect to give the sequencer the opportunity to become available again (after Connection terminated by the server.)
2026-08-11 07:27:41,118 [canton-env-ec-36] INFO  c.d.c.d.s.s.GrpcSequencerService:domain=local - MED::local::12209834d168... subscribes from counter=35
2026-08-11 07:27:43,205 [canton-env-ec-99] INFO  c.d.c.s.c.t.GrpcSequencerSubscription:participant=sandbox/domainId=local::12209834d168 - The sequencer subscription has been terminated by the server.
2026-08-11 07:27:43,206 [canton-env-ec-37] INFO  c.d.c.s.c.t.GrpcSubscriptionErrorRetryPolicy:participant=sandbox/domainId=local::12209834d168 - Trying to reconnect to give the sequencer the opportunity to become available again (after Connection terminated by the server.)
2026-08-11 07:27:43,272 [canton-env-ec-82] INFO  c.d.c.d.s.s.GrpcSequencerService:domain=local - PAR::sandbox::12206722ea2b... subscribes from counter=55
2026-08-11 08:04:20,441 [daml.index.db.threadpool.connection.indexer-2] INFO  c.d.c.p.i.MeteringAggregator:participant=sandbox - Aggregating transaction metering for LedgerMeteringEnd(Offset(Bytes(000000000000000013)),2026-08-11T00:00:00Z)
2026-08-11 08:04:20,444 [daml.index.db.threadpool.connection.indexer-2] INFO  c.d.c.p.i.MeteringAggregator:participant=sandbox - Aggregating transaction metering completed up to LedgerMeteringEnd(Offset(Bytes(000000000000000013)),2026-08-11T00:00:00Z)
2026-08-11 08:27:00,859 [canton-env-ec-83] INFO  c.d.c.d.s.a.MemberAuthenticationServiceOld:domain=local - DOM::local::12209834d168... authenticated new token with expiry 2026-08-11T01:27:00.858908Z
2026-08-11 08:27:01,088 [canton-env-ec-26] INFO  c.d.c.d.s.a.MemberAuthenticationServiceOld:domain=local - MED::local::12209834d168... authenticated new token with expiry 2026-08-11T01:27:01.088136Z
2026-08-11 08:27:03,250 [canton-env-ec-102] INFO  c.d.c.d.s.a.MemberAuthenticationServiceOld:domain=local - PAR::sandbox::12206722ea2b... authenticated new token with expiry 2026-08-11T01:27:03.250188Z
2026-08-11 08:27:20,852 [canton-env-ec-90] INFO  c.d.c.s.c.t.GrpcSequencerSubscription:domain=local/client=topology-manager - The sequencer subscription has been terminated by the server.
2026-08-11 08:27:20,852 [canton-env-ec-82] INFO  c.d.c.s.c.t.GrpcSubscriptionErrorRetryPolicy:domain=local/client=topology-manager - Trying to reconnect to give the sequencer the opportunity to become available again (after Connection terminated by the server.)
2026-08-11 08:27:20,909 [canton-env-ec-37] INFO  c.d.c.d.s.s.GrpcSequencerService:domain=local - DOM::local::12209834d168... subscribes from counter=36
2026-08-11 08:27:21,066 [canton-env-ec-99] INFO  c.d.c.s.c.t.GrpcSequencerSubscription:domain=local/client=mediator - The sequencer subscription has been terminated by the server.
2026-08-11 08:27:21,067 [canton-env-ec-37] INFO  c.d.c.s.c.t.GrpcSubscriptionErrorRetryPolicy:domain=local/client=mediator - Trying to reconnect to give the sequencer the opportunity to become available again (after Connection terminated by the server.)
2026-08-11 08:27:21,122 [canton-env-ec-83] INFO  c.d.c.d.s.s.GrpcSequencerService:domain=local - MED::local::12209834d168... subscribes from counter=35
2026-08-11 08:27:23,234 [canton-env-ec-102] INFO  c.d.c.s.c.t.GrpcSequencerSubscription:participant=sandbox/domainId=local::12209834d168 - The sequencer subscription has been terminated by the server.
2026-08-11 08:27:23,234 [canton-env-ec-110] INFO  c.d.c.s.c.t.GrpcSubscriptionErrorRetryPolicy:participant=sandbox/domainId=local::12209834d168 - Trying to reconnect to give the sequencer the opportunity to become available again (after Connection terminated by the server.)
2026-08-11 08:27:23,297 [canton-env-ec-86] INFO  c.d.c.d.s.s.GrpcSequencerService:domain=local - PAR::sandbox::12206722ea2b... subscribes from counter=55
2026-08-11 09:04:20,444 [daml.index.db.threadpool.connection.indexer-12] INFO  c.d.c.p.i.MeteringAggregator:participant=sandbox - Aggregating transaction metering for LedgerMeteringEnd(Offset(Bytes(000000000000000013)),2026-08-11T01:00:00Z)
2026-08-11 09:04:20,447 [daml.index.db.threadpool.connection.indexer-12] INFO  c.d.c.p.i.MeteringAggregator:participant=sandbox - Aggregating transaction metering completed up to LedgerMeteringEnd(Offset(Bytes(000000000000000013)),2026-08-11T01:00:00Z)
2026-08-11 09:26:40,882 [canton-env-ec-99] INFO  c.d.c.d.s.a.MemberAuthenticationServiceOld:domain=local - DOM::local::12209834d168... authenticated new token with expiry 2026-08-11T02:26:40.882482Z
2026-08-11 09:26:41,115 [canton-env-ec-110] INFO  c.d.c.d.s.a.MemberAuthenticationServiceOld:domain=local - MED::local::12209834d168... authenticated new token with expiry 2026-08-11T02:26:41.114866Z
2026-08-11 09:26:43,273 [canton-env-ec-110] INFO  c.d.c.d.s.a.MemberAuthenticationServiceOld:domain=local - PAR::sandbox::12206722ea2b... authenticated new token with expiry 2026-08-11T02:26:43.273Z
2026-08-11 09:27:00,865 [canton-env-ec-82] INFO  c.d.c.s.c.t.GrpcSequencerSubscription:domain=local/client=topology-manager - The sequencer subscription has been terminated by the server.
2026-08-11 09:27:00,866 [canton-env-ec-37] INFO  c.d.c.s.c.t.GrpcSubscriptionErrorRetryPolicy:domain=local/client=topology-manager - Trying to reconnect to give the sequencer the opportunity to become available again (after Connection terminated by the server.)
2026-08-11 09:27:00,931 [canton-env-ec-99] INFO  c.d.c.d.s.s.GrpcSequencerService:domain=local - DOM::local::12209834d168... subscribes from counter=36
2026-08-11 09:27:01,101 [canton-env-ec-99] INFO  c.d.c.s.c.t.GrpcSequencerSubscription:domain=local/client=mediator - The sequencer subscription has been terminated by the server.
2026-08-11 09:27:01,101 [canton-env-ec-37] INFO  c.d.c.s.c.t.GrpcSubscriptionErrorRetryPolicy:domain=local/client=mediator - Trying to reconnect to give the sequencer the opportunity to become available again (after Connection terminated by the server.)
2026-08-11 09:27:01,166 [canton-env-ec-90] INFO  c.d.c.d.s.s.GrpcSequencerService:domain=local - MED::local::12209834d168... subscribes from counter=35
2026-08-11 09:27:03,261 [canton-env-ec-98] INFO  c.d.c.s.c.t.GrpcSequencerSubscription:participant=sandbox/domainId=local::12209834d168 - The sequencer subscription has been terminated by the server.
2026-08-11 09:27:03,262 [canton-env-ec-82] INFO  c.d.c.s.c.t.GrpcSubscriptionErrorRetryPolicy:participant=sandbox/domainId=local::12209834d168 - Trying to reconnect to give the sequencer the opportunity to become available again (after Connection terminated by the server.)
2026-08-11 09:27:03,322 [canton-env-ec-98] INFO  c.d.c.d.s.s.GrpcSequencerService:domain=local - PAR::sandbox::12206722ea2b... subscribes from counter=55
2026-08-11 10:04:20,444 [daml.index.db.threadpool.connection.indexer-5] INFO  c.d.c.p.i.MeteringAggregator:participant=sandbox - Aggregating transaction metering for LedgerMeteringEnd(Offset(Bytes(000000000000000013)),2026-08-11T02:00:00Z)
2026-08-11 10:04:20,446 [daml.index.db.threadpool.connection.indexer-5] INFO  c.d.c.p.i.MeteringAggregator:participant=sandbox - Aggregating transaction metering completed up to LedgerMeteringEnd(Offset(Bytes(000000000000000013)),2026-08-11T02:00:00Z)
2026-08-11 10:26:20,895 [canton-env-ec-111] INFO  c.d.c.d.s.a.MemberAuthenticationServiceOld:domain=local - DOM::local::12209834d168... authenticated new token with expiry 2026-08-11T03:26:20.895819Z
2026-08-11 10:26:21,131 [canton-env-ec-111] INFO  c.d.c.d.s.a.MemberAuthenticationServiceOld:domain=local - MED::local::12209834d168... authenticated new token with expiry 2026-08-11T03:26:21.131138Z
2026-08-11 10:26:23,295 [canton-env-ec-90] INFO  c.d.c.d.s.a.MemberAuthenticationServiceOld:domain=local - PAR::sandbox::12206722ea2b... authenticated new token with expiry 2026-08-11T03:26:23.295472Z
2026-08-11 10:26:40,888 [canton-env-ec-82] INFO  c.d.c.s.c.t.GrpcSequencerSubscription:domain=local/client=topology-manager - The sequencer subscription has been terminated by the server.
2026-08-11 10:26:40,888 [canton-env-ec-111] INFO  c.d.c.s.c.t.GrpcSubscriptionErrorRetryPolicy:domain=local/client=topology-manager - Trying to reconnect to give the sequencer the opportunity to become available again (after Connection terminated by the server.)
2026-08-11 10:26:40,945 [canton-env-ec-89] INFO  c.d.c.d.s.s.GrpcSequencerService:domain=local - DOM::local::12209834d168... subscribes from counter=36
2026-08-11 10:26:41,118 [canton-env-ec-102] INFO  c.d.c.s.c.t.GrpcSequencerSubscription:domain=local/client=mediator - The sequencer subscription has been terminated by the server.
2026-08-11 10:26:41,119 [canton-env-ec-99] INFO  c.d.c.s.c.t.GrpcSubscriptionErrorRetryPolicy:domain=local/client=mediator - Trying to reconnect to give the sequencer the opportunity to become available again (after Connection terminated by the server.)
2026-08-11 10:26:41,174 [canton-env-ec-98] INFO  c.d.c.d.s.s.GrpcSequencerService:domain=local - MED::local::12209834d168... subscribes from counter=35
2026-08-11 10:26:43,280 [canton-env-ec-102] INFO  c.d.c.s.c.t.GrpcSequencerSubscription:participant=sandbox/domainId=local::12209834d168 - The sequencer subscription has been terminated by the server.
2026-08-11 10:26:43,281 [canton-env-ec-98] INFO  c.d.c.s.c.t.GrpcSubscriptionErrorRetryPolicy:participant=sandbox/domainId=local::12209834d168 - Trying to reconnect to give the sequencer the opportunity to become available again (after Connection terminated by the server.)
2026-08-11 10:26:43,338 [canton-env-ec-32] INFO  c.d.c.d.s.s.GrpcSequencerService:domain=local - PAR::sandbox::12206722ea2b... subscribes from counter=55
2026-08-11 10:35:45,595 [canton-env-ec-99] INFO  c.d.c.d.s.s.GrpcSequencerService:domain=local tid:a8c15f26d0dd51b6322ebc3ef3b7b4aa - 'DOM::local::12209834d168...' sends request with id 'tick-4ac7c51f-b76c-4012-85ef-ae49fdf3e063' of size 336 bytes with 0 envelopes.
2026-08-11 10:36:16,193 [canton-env-ec-26] INFO  c.d.c.d.s.s.GrpcSequencerService:domain=local tid:913f651daae77ebdf5e19b9f5a4d5375 - 'MED::local::12209834d168...' sends request with id 'tick-8bc9ca19-50eb-4a8f-9823-c9cdf062f201' of size 335 bytes with 0 envelopes.
2026-08-11 10:36:46,148 [canton-env-ec-83] INFO  c.d.c.d.s.s.GrpcSequencerService:domain=local tid:58c5b6ca5708186ae62c3a16d0455a24 - 'PAR::sandbox::12206722ea2b...' sends request with id 'tick-cc8cc017-a6dd-4397-80f9-f271b8de8d5b' of size 337 bytes with 0 envelopes.
